Open Watcom Linker Version 2.0 beta May  3 2025 02:37:38 (64-bit)
Copyright (c) 2002-2025 The Open Watcom Contributors. All Rights Reserved.
Portions Copyright (c) 1985-2002 Sybase, Inc. All Rights Reserved.
Created on:       25/12/26 18:39:07
Executable Image: OPENQT.exe
creating a DOS/4G executable


                        +------------+
                        |   Groups   |
                        +------------+

Group                           Address              Size
=====                           =======              ====

DGROUP                          0002:00000000        00011f70



                        +--------------+
                        |   Segments   |
                        +--------------+

Segment                Class          Group          Address         Size
=======                =====          =====          =======         ====

BEGTEXT                CODE           AUTO           0001:00000000   00000010
_TEXT                  CODE           AUTO           0001:00000010   0000ce85
_NULL                  BEGDATA        DGROUP         0002:00000000   00000004
_AFTERNULL             BEGDATA        DGROUP         0002:00000004   00000000
CONST                  DATA           DGROUP         0002:00000004   00000788
CONST2                 DATA           DGROUP         0002:0000078c   0000015d
_DATA                  DATA           DGROUP         0002:000008ec   00000748
XIB                    DATA           DGROUP         0002:00001034   00000000
XI                     DATA           DGROUP         0002:00001034   00000024
XIE                    DATA           DGROUP         0002:00001058   00000000
YIB                    DATA           DGROUP         0002:00001058   00000000
YI                     DATA           DGROUP         0002:00001058   0000001e
YIE                    DATA           DGROUP         0002:00001076   00000000
TIB                    DATA           DGROUP         0002:00001076   00000000
TI                     DATA           DGROUP         0002:00001076   00000000
TIE                    DATA           DGROUP         0002:00001076   00000000
DATA                   DATA           DGROUP         0002:00001076   00000000
_BSS                   BSS            DGROUP         0002:00001078   00000ef6
STACK                  STACK          DGROUP         0002:00001f70   00010000


                        +----------------+
                        |   Memory Map   |
                        +----------------+

* = unreferenced symbol
+ = symbol only referenced locally

Address        Symbol
=======        ======

Module: openqt.obj(C:\dos\MS-DOS\C-PROGS\OPENQT\openqt.c)
0001:000000a0+ stristr_
0001:0000015f+ write_char_
0001:000001e0+ write_string_
0001:0000023c+ fill_rect_
0001:000002b6+ draw_box_
0001:00000483+ set_cursor_pos_
0001:000004cc+ hide_cursor_
0001:00000509+ show_cursor_
0001:0000056a+ init_hebrew_mapping_
0001:000005bf+ translate_hebrew_
0001:0000060d+ is_hebrew_char_
0001:00000661+ apply_final_letters_
0001:0000074e+ get_bidi_type_
0001:00000807+ bidi_reorder_
0001:00000aea+ visual_to_logical_
0001:00000b53+ logical_to_visual_
0001:00000bbc+ init_document_
0001:00000d1d+ free_document_
0001:00000e28+ new_document_
0001:00000f5f+ load_file_
0001:000011c6+ save_file_
0001:000012ce+ save_file_as_
0001:00001343+ draw_menu_bar_
0001:00001534+ draw_ruler_
0001:00001656+ draw_line_
0001:00001d1b+ draw_status_bar_
0001:00001ebe+ draw_screen_
0001:00001f51+ update_cursor_
0001:00002183+ get_key_
0001:000021dd+ do_word_wrap_
0001:000023c8+ insert_char_
0001:0000251c+ delete_char_
0001:000026af+ backspace_char_
0001:0000272b+ insert_line_
0001:00002883+ delete_line_
0001:000029a5+ move_cursor_
0001:00002b6d+ home_key_
0001:00002b9d+ end_key_
0001:00002bfb+ page_up_
0001:00002caf+ page_down_
0001:00002d8e+ ctrl_home_
0001:00002ddc+ ctrl_end_
0001:00002e45+ toggle_insert_
0001:00002e9f+ toggle_hebrew_
0001:00002efe+ toggle_embedded_ltr_
0001:00002f5c+ toggle_rtl_
0001:00002fb6+ toggle_wrap_
0001:00003001+ show_dialog_
0001:0000313d+ confirm_dialog_
0001:00003425+ input_dialog_
0001:00003730+ do_search_
0001:0000377c+ find_next_
0001:000038f3+ find_prev_
0001:00003a36+ do_replace_
0001:00003aa9+ do_replace_all_
0001:00003c54+ start_block_
0001:00003cac+ end_block_
0001:00003cf8+ unselect_block_
0001:00003d28+ copy_block_
0001:0000402a+ cut_block_
0001:00004055+ paste_block_
0001:000042c6+ delete_block_
0001:0000452d+ word_count_
0001:00004651+ goto_line_
0001:0000470f+ insert_date_time_
0001:000047b1+ show_help_
0001:00004966+ show_about_
0001:00004a74+ print_document_
0001:00004b68+ undo_action_
0001:00004b98+ redo_action_
0001:00004bc8+ file_dialog_
0001:0000565e+ show_file_menu_
0001:00005927+ show_edit_menu_
0001:00005c02+ show_search_menu_
0001:00005e14+ show_block_menu_
0001:0000602d+ show_options_menu_
0001:0000641f+ show_tools_menu_
0001:000065ff+ show_help_menu_
0001:000067ce+ process_key_
0001:00006dac+ init_editor_
0001:00006e0d+ cleanup_editor_
0001:00006e7c  main_
Module: C:\WATCOM\lib386\dos\clib3r.lib(stk)
0001:00006f63* __STK
0001:00006f67  __CHK
0001:00006f60* __GRO
0001:00006f8d* __STKOVERFLOW_
Module: C:\WATCOM\lib386\dos\clib3r.lib(strlen)
0001:00006fa0  strlen_
Module: C:\WATCOM\lib386\dos\clib3r.lib(_istrnic)
0001:00006fbc  strnicmp_
Module: C:\WATCOM\lib386\dos\clib3r.lib(int386)
0001:00006fd0  int386_
Module: C:\WATCOM\lib386\dos\clib3r.lib(memset)
0001:00006ff0  memset_
Module: C:\WATCOM\lib386\dos\clib3r.lib(nmalloc)
0001:00007010  _nmalloc_
0001:00007010  malloc_
0002:00000b8c  ___nheapbeg
0002:00000b90  ___MiniHeapRover
0002:00000b94  ___LargestSizeB4MiniHeapRover
Module: C:\WATCOM\lib386\dos\clib3r.lib(printf)
0001:000070f0  printf_
Module: C:\WATCOM\lib386\dos\clib3r.lib(exit)
0001:00007107+ __null_int23_exit_
0001:00007108  exit_
0001:00007132* _exit_
0002:00000b98+ ___int23_exit
0002:00000b9c+ ___FPE_handler_exit
Module: C:\WATCOM\lib386\dos\clib3r.lib(strcpy)
0001:00007150  strcpy_
Module: C:\WATCOM\lib386\dos\clib3r.lib(nfree)
0001:00007170  _nfree_
0001:00007170  free_
0002:00001dd0  ___MiniHeapFreeRover
Module: C:\WATCOM\lib386\dos\clib3r.lib(fopen)
0001:00007250+ __open_flags_
0001:00007450+ _fsopen_
0001:000074a0  fopen_
0001:00007520* freopen_
Module: C:\WATCOM\lib386\dos\clib3r.lib(fgets)
0001:00007570  fgets_
Module: C:\WATCOM\lib386\dos\clib3r.lib(fclose)
0001:000075e0  __doclose_
0001:00007670  __shutdown_stream_
0001:00007690  fclose_
0002:00001dd4+ ___RmTmpFileFn
Module: C:\WATCOM\lib386\dos\clib3r.lib(strncpy)
0001:000076c0  strncpy_
Module: C:\WATCOM\lib386\dos\clib3r.lib(fputs)
0001:00007700  fputs_
Module: C:\WATCOM\lib386\dos\clib3r.lib(sprintf)
0001:00007780  sprintf_
Module: C:\WATCOM\lib386\dos\clib3r.lib(time)
0001:000077a0  time_
Module: C:\WATCOM\lib386\dos\clib3r.lib(localtim)
0001:000077e0+ _localtime_
0001:00007840  localtime_
Module: C:\WATCOM\lib386\dos\clib3r.lib(getch)
0001:00007850  getch_
Module: C:\WATCOM\lib386\dos\clib3r.lib(memmove)
0001:00007870  memmove_
Module: C:\WATCOM\lib386\dos\clib3r.lib(strcat)
0001:000078d0  strcat_
Module: C:\WATCOM\lib386\dos\clib3r.lib(kbhit)
0001:00007910  kbhit_
Module: C:\WATCOM\lib386\dos\clib3r.lib(toupper)
0001:0000792e  toupper_
Module: C:\WATCOM\lib386\dos\clib3r.lib(strstr)
0001:00007940  strstr_
Module: C:\WATCOM\lib386\dos\clib3r.lib(memcpy)
0001:00007a10  memcpy_
Module: C:\WATCOM\lib386\dos\clib3r.lib(atoi)
0001:00007a40  atoi_
Module: C:\WATCOM\lib386\dos\clib3r.lib(fputc)
0001:00007a90  fputc_
Module: C:\WATCOM\lib386\dos\clib3r.lib(gtcwd)
0001:00007b50  getcwd_
Module: C:\WATCOM\lib386\dos\clib3r.lib(finddos)
0001:00007bf0  _dos_findfirst_
0001:00007c40  _dos_findnext_
0001:00007ca0* _dos_findclose_
Module: C:\WATCOM\lib386\dos\clib3r.lib(chdir)
0001:00007cb0  chdir_
Module: C:\WATCOM\lib386\dos\clib3r.lib(cstart)
0001:00000003* ___begtext
0002:00000000* __nullarea
0002:00000ba0* __D16Infoseg
0002:00000ba2  __x386_zero_base_selector
0001:00007cc0  _cstart_
0001:00007eb9  __exit_
0001:00007ebc  __do_exit_with_msg_
0001:00007f84* __GETDS
0001:00007f84  ___GETDSStart_
0001:00007f8f  ___GETDSEnd_
Module: C:\WATCOM\lib386\dos\clib3r.lib(argcv)
0002:00001dfc  __argc
0002:00001e00  __argv
0002:00001e04  ___argc
0002:00001e08  ___argv
Module: C:\WATCOM\lib386\dos\clib3r.lib(xmsg)
0001:00007f90* __exit_with_msg_
0001:00007fa0  __fatal_runtime_error_
Module: C:\WATCOM\lib386\dos\clib3r.lib(crwdata)
0002:00000bde  __osmajor
0002:00000bdf  __osminor
0002:00000bac  __LpCmdLine
0002:00000bb0  __LpPgmName
0002:00000ba4  __dynend
0002:00000ba8  __curbrk
0002:00000bc8  __cbyte
0002:00000bcc* __cbyte2
0002:00000bd0  __child
0002:00000bd8  __Envptr
0002:00000bb4  __psp
0002:00000bd5  __Extender
0002:00000bd6  __ExtenderSubtype
0002:00000bd7  __X32VM
0002:00000bb8* __x386_stacklow
0002:00000bb8  __STACKLOW
0002:00000bbc  __STACKTOP
0002:00000bc0  __ASTACKSIZ
0002:00000bc4  __ASTACKPTR
0002:00000bd4  __no87
0002:00000be0  ___FPE_handler
Module: C:\WATCOM\lib386\dos\clib3r.lib(strnicmp)
0001:00007fc0  _strnicmp_
Module: C:\WATCOM\lib386\dos\clib3r.lib(segread)
0001:00008010  segread_
Module: C:\WATCOM\lib386\dos\clib3r.lib(intx386)
0001:00008040  int386x_
Module: C:\WATCOM\lib386\dos\clib3r.lib(__stos)
0001:00008060  __STOSB
0001:0000809a* __STOSD
Module: C:\WATCOM\lib386\dos\clib3r.lib(mem)
0001:00008110  __MemAllocator
0001:000081c0  __MemFree
Module: C:\WATCOM\lib386\dos\clib3r.lib(nmemneed)
0001:00008300  __nmemneed_
Module: C:\WATCOM\lib386\dos\clib3r.lib(grownear)
0001:00008390  __ReAllocDPMIBlock_
0001:000084f0+ __LastFree_
0001:00008760  __ExpandDGROUP_
Module: C:\WATCOM\lib386\dos\clib3r.lib(iob)
0002:00000be4  ___iob
0002:00001e0c  ___OpenStreams
0002:00001e10  ___ClosedStreams
Module: C:\WATCOM\lib386\dos\clib3r.lib(fprtf)
0001:00008900  __fprtf_
Module: C:\WATCOM\lib386\dos\clib3r.lib(initrtns)
0001:000089b0  __InitRtns
0001:00008a00  __FiniRtns
Module: C:\WATCOM\lib386\dos\clib3r.lib(comtflag)
0001:00008a60* __set_commode_
0002:00000dec  __commode
Module: C:\WATCOM\lib386\dos\clib3r.lib(textmode)
0002:00000df0  __fmode
Module: C:\WATCOM\lib386\dos\clib3r.lib(errno)
0001:00008a70  __get_errno_ptr_
0002:00001e14+ _errno
Module: C:\WATCOM\lib386\dos\clib3r.lib(tolower)
0001:00008a76  tolower_
Module: C:\WATCOM\lib386\dos\clib3r.lib(open)
0001:00008cd0* open_
0001:00008d00  _sopen_
Module: C:\WATCOM\lib386\dos\clib3r.lib(fseek)
0001:00008d70  fseek_
Module: C:\WATCOM\lib386\dos\clib3r.lib(chktty)
0001:00008e70  __chktty_
Module: C:\WATCOM\lib386\dos\clib3r.lib(freefp)
0001:00008eb0  __freefp_
0001:00008ee0  __purgefp_
Module: C:\WATCOM\lib386\dos\clib3r.lib(allocfp)
0001:00008f10  __allocfp_
Module: C:\WATCOM\lib386\dos\clib3r.lib(fgetc)
0001:00008fc0+ __fill_buffer_
0001:000090c0  fgetc_
Module: C:\WATCOM\lib386\dos\clib3r.lib(__lseek)
0001:00009160  __lseek_
Module: C:\WATCOM\lib386\dos\clib3r.lib(_clse)
0001:000091b0  __close_
Module: C:\WATCOM\lib386\dos\clib3r.lib(flush)
0001:00009200  __flush_
Module: C:\WATCOM\lib386\dos\clib3r.lib(ioalloc)
0001:000092f0  __ioalloc_
Module: C:\WATCOM\lib386\dos\clib3r.lib(vsprintf)
0001:000093b0  vsprintf_
Module: C:\WATCOM\lib386\dos\clib3r.lib(gtctm)
0001:000093d0  __getctime_
Module: C:\WATCOM\lib386\dos\clib3r.lib(mktime)
0001:000094a0  mktime_
Module: C:\WATCOM\lib386\dos\clib3r.lib(tzset)
0002:00000df4  ___start_dst
0002:00000e18  ___end_dst
0002:00000f40* _tzname
0002:00000f48  _timezone
0002:00000f4c  _daylight
0002:00000f50  ___dst_adjust
0001:00009530* __DontCacheOSTZ_
0001:00009540* __CacheOSTZ_
0001:00009a00+ __parse_tz_
0001:00009b40  tzset_
Module: C:\WATCOM\lib386\dos\clib3r.lib(gmtime)
0001:00009bb0  __brktime_
0001:00009cb0+ _gmtime_
0001:00009cd0* gmtime_
Module: C:\WATCOM\lib386\dos\clib3r.lib(timeutil)
0001:00009e20  __isindst_
Module: C:\WATCOM\lib386\dos\clib3r.lib(istable)
0002:0000078c  __IsTable
Module: C:\WATCOM\lib386\dos\clib3r.lib(_getdcwd)
0001:0000a150  __getdcwd_
Module: C:\WATCOM\lib386\dos\clib3r.lib(doserror)
0001:0000a160  __doserror_
0001:0000a173  __doserror1_
Module: C:\WATCOM\lib386\dos\clib3r.lib(cmain386)
0001:0000a190  __CMain
Module: C:\WATCOM\lib386\dos\clib3r.lib(dosseg)
0000:00001234  __DOSseg__
Module: C:\WATCOM\lib386\dos\clib3r.lib(uselfn)
0002:00000fa0  ___uselfn
Module: C:\WATCOM\lib386\dos\clib3r.lib(initargv)
0001:0000a370  __Init_Argv_
0001:0000a3c0  __Fini_Argv_
Module: C:\WATCOM\lib386\dos\clib3r.lib(enterdb)
0001:0000a3d0  __EnterWVIDEO_
0002:00000fa4+ __WD_Present
Module: C:\WATCOM\lib386\dos\clib3r.lib(int386xa)
0001:0000a3f8  __int386x_
0001:0000a461  _DoINTR_
Module: C:\WATCOM\lib386\dos\clib3r.lib(heapen)
0001:0000a7f0* _heapenable_
0002:00000fa8  ___heap_enabled
Module: C:\WATCOM\lib386\dos\clib3r.lib(nheapmin)
0001:0000a800* _nheapshrink_
0001:0000a800* _heapshrink_
0001:0000a8b0  __nheapshrink_
Module: C:\WATCOM\lib386\dos\clib3r.lib(nheapunl)
0001:0000a9c0  __UnlinkNHeap_
Module: C:\WATCOM\lib386\dos\clib3r.lib(minreal)
0002:00001e40  ___minreal
Module: C:\WATCOM\lib386\dos\clib3r.lib(amblksiz)
0002:00000fac  __amblksiz
Module: C:\WATCOM\lib386\dos\clib3r.lib(sbrk)
0001:0000aa20  __brk_
0001:0000ab10  sbrk_
Module: C:\WATCOM\lib386\dos\clib3r.lib(initfile)
0001:0000abf0  __InitFiles_
Module: C:\WATCOM\lib386\dos\clib3r.lib(ioexit)
0001:0000acf0* fcloseall_
0001:0000ad00  __full_io_exit_
Module: C:\WATCOM\lib386\dos\clib3r.lib(prtf)
0001:0000b8c0  __prtf_
Module: C:\WATCOM\lib386\dos\clib3r.lib(sgdef086)
0002:00001034  __Start_XI
0002:00001058  __End_XI
0002:00001058  __Start_YI
0002:00001076  __End_YI
Module: C:\WATCOM\lib386\dos\clib3r.lib(opendos)
0001:0000bb20  _dos_open_
Module: C:\WATCOM\lib386\dos\clib3r.lib(iomode)
0001:0000bb40  __GetIOMode_
0001:0000bb60  __SetIOMode_nogrow_
0002:00000fb0  ___NFiles
0002:00000fb4  ___init_mode
0002:00001004  ___io_mode
Module: C:\WATCOM\lib386\dos\clib3r.lib(isatt)
0001:0000bb80  isatty_
Module: C:\WATCOM\lib386\dos\clib3r.lib(dosret)
0001:0000bba0  __set_errno_dos_
0001:0000bc20  __set_errno_dos_reterr_
Module: C:\WATCOM\lib386\dos\clib3r.lib(doserrno)
0001:0000bc30  __get_doserrno_ptr_
0002:00001e44+ __doserrno
Module: C:\WATCOM\lib386\dos\clib3r.lib(umaskval)
0002:0000101c  ___umaskval
Module: C:\WATCOM\lib386\dos\clib3r.lib(creatdos)
0001:0000bc40  _dos_creat_
0001:0000bc60* _dos_creatnew_
Module: C:\WATCOM\lib386\dos\clib3r.lib(stiomode)
0001:0000bc80+ __grow_iomode_
0001:0000bd40+ __shrink_iomode_
0001:0000bd70  __SetIOMode_
Module: C:\WATCOM\lib386\dos\clib3r.lib(lseek)
0001:0000bde0  lseek_
Module: C:\WATCOM\lib386\dos\clib3r.lib(tell)
0001:0000be10  _tell_
Module: C:\WATCOM\lib386\dos\clib3r.lib(flushall)
0001:0000be30  __flushall_
0001:0000be70* flushall_
Module: C:\WATCOM\lib386\dos\clib3r.lib(gtche)
0001:0000be80  getche_
Module: C:\WATCOM\lib386\dos\clib3r.lib(qread)
0001:0000bea0  __qread_
Module: C:\WATCOM\lib386\dos\clib3r.lib(qwrit)
0001:0000bed0  __qwrite_
Module: C:\WATCOM\lib386\dos\clib3r.lib(fsync)
0001:0000bf50  fsync_
Module: C:\WATCOM\lib386\dos\clib3r.lib(locmktim)
0001:0000bf60  __local_mktime_
Module: C:\WATCOM\lib386\dos\clib3r.lib(leapyear)
0001:0000c0a0  __leapyear_
0002:00000890  ___diyr
0002:000008aa  ___dilyr
Module: C:\WATCOM\lib386\dos\clib3r.lib(getenv)
0001:0000c0e0  getenv_
Module: C:\WATCOM\lib386\dos\clib3r.lib(cinit)
0001:0000c180  __CommonInit_
Module: C:\WATCOM\lib386\dos\clib3r.lib(___argc)
0002:00001e4c  ____Argv
0002:00001e50  ____Argc
Module: C:\WATCOM\lib386\dos\clib3r.lib(histsplt)
0002:00001e54  ___historical_splitparms
Module: C:\WATCOM\lib386\dos\clib3r.lib(wctomb)
0001:0000c1d0  wctomb_
Module: C:\WATCOM\lib386\dos\clib3r.lib(itoa)
0001:0000c200+ utoa_
0001:0000c250  itoa_
Module: C:\WATCOM\lib386\dos\clib3r.lib(strupr)
0001:0000c280  _strupr_
Module: C:\WATCOM\lib386\dos\clib3r.lib(noefgfmt)
0002:00001020  ___EFG_printf
0002:00001024* ___EFG_scanf
Module: C:\WATCOM\lib386\dos\clib3r.lib(lltoa)
0001:0000c2b0  ulltoa_
0001:0000c310* lltoa_
Module: C:\WATCOM\lib386\dos\clib3r.lib(ltoa)
0001:0000c340  ultoa_
0001:0000c390* ltoa_
Module: C:\WATCOM\lib386\dos\clib3r.lib(mbisdbcs)
0002:00001028  ___IsDBCS
Module: C:\WATCOM\lib386\dos\clib3r.lib(mbislead)
0001:0000c3c0* _ismbblead_
0002:00001e58  ___MBCSIsTable
Module: C:\WATCOM\lib386\dos\clib3r.lib(nrealloc)
0001:0000c3e0* _nrealloc_
0001:0000c3e0  realloc_
Module: C:\WATCOM\lib386\dos\clib3r.lib(iomodtty)
0001:0000c480  __ChkTTYIOMode_
0001:0000c4c0* __IOMode_
Module: C:\WATCOM\lib386\dos\clib3r.lib(filedos)
0001:0000c4e0* _dos_close_
0001:0000c4f0  _dos_commit_
Module: C:\WATCOM\lib386\dos\clib3r.lib(environ)
0002:00001f5c  ___env_mask
0002:00001f60  _environ
0002:00001f64  __wenviron
Module: C:\WATCOM\lib386\dos\clib3r.lib(mbterm)
0001:0000c500  _mbterm_
Module: C:\WATCOM\lib386\dos\clib3r.lib(mbsnextc)
0001:0000c540  _mbsnextc_
Module: C:\WATCOM\lib386\dos\clib3r.lib(mbcupper)
0001:0000c580  _mbctoupper_
Module: C:\WATCOM\lib386\dos\clib3r.lib(mbsinc)
0001:0000c5a0  _mbsinc_
Module: C:\WATCOM\lib386\dos\clib3r.lib(dpmihost)
0001:0000c5d0  __DPMI_hosted_
Module: C:\WATCOM\lib386\dos\clib3r.lib(alphabet)
0002:000008c4  ___Alphabet
Module: C:\WATCOM\lib386\dos\clib3r.lib(mbinit)
0001:0000c6da  __mbinit_
0002:00001030  ___MBCodePage
Module: C:\WATCOM\lib386\dos\clib3r.lib(nmsize)
0001:0000c770  _nmsize_
0001:0000c770* _msize_
Module: C:\WATCOM\lib386\dos\clib3r.lib(nexpand)
0001:0000c780  _nexpand_
0001:0000c780* _expand_
Module: C:\WATCOM\lib386\dos\clib3r.lib(setenvp)
0001:0000c7f0  __setenvp_
0001:0000c8c0  __freeenvp_
Module: C:\WATCOM\lib386\dos\clib3r.lib(mbdtoupp)
0001:0000c920  _mbdtoupper_
Module: C:\WATCOM\lib386\dos\clib3r.lib(getltdos)
0001:0000c940  dos_get_dbcs_lead_table_
Module: C:\WATCOM\lib386\dos\clib3r.lib(getcpdos)
0001:0000ca70  dos_get_code_page_
Module: C:\WATCOM\lib386\dos\clib3r.lib(_expand)
0001:0000cb20  __HeapManager_expand_
Module: C:\WATCOM\lib386\dos\clib3r.lib(clearenv)
0001:0000cc60  clearenv_
Module: C:\WATCOM\lib386\dos\clib3r.lib(intdx386)
0001:0000cd30  intdosx_
Module: C:\WATCOM\lib386\dos\clib3r.lib(inirmsel)
0002:00001f6c  __ExtenderRealModeSelector


                        +----------------------+
                        |   Imported Symbols   |
                        +----------------------+

Symbol                              Module
======                              ======



                        +--------------------+
                        |   Libraries Used   |
                        +--------------------+

C:\WATCOM\lib386\dos\clib3r.lib


                        +-----------------------+
                        |   Linker Statistics   |
                        +-----------------------+

Stack size:  00010000 (65536.)
Memory size:  0001ee05 (126469.)
Entry point address: 0001:00007cc0
Stub file: C:\WATCOM\binnt64\wstub.exe
Link time: 00:00.17
